###############################################################################
#
# IAR ELF Linker V8.22.1.15669/W32 for ARM                27/Apr/2019  13:24:13
# Copyright 2007-2018 IAR Systems AB.
#
#    Output file  =  
#        C:\Users\matteo\Desktop\FREESCALE\Debug\Exe\LQ_K60_FTM_PWM_SERVO_KEY_OLED.out
#    Map file     =  
#        C:\Users\matteo\Desktop\FREESCALE\Debug\List\LQ_K60_FTM_PWM_SERVO_KEY_OLED.map
#    Command line =  
#        -f C:\Users\matteo\AppData\Local\Temp\EW5136.tmp
#        (C:\Users\matteo\Desktop\FREESCALE\Debug\Obj\ADC.o
#        C:\Users\matteo\Desktop\FREESCALE\Debug\Obj\common.o
#        C:\Users\matteo\Desktop\FREESCALE\Debug\Obj\Control.o
#        C:\Users\matteo\Desktop\FREESCALE\Debug\Obj\crt0.o
#        C:\Users\matteo\Desktop\FREESCALE\Debug\Obj\DAC.o
#        C:\Users\matteo\Desktop\FREESCALE\Debug\Obj\DMA.o
#        C:\Users\matteo\Desktop\FREESCALE\Debug\Obj\eletrical.o
#        C:\Users\matteo\Desktop\FREESCALE\Debug\Obj\FTM.o
#        C:\Users\matteo\Desktop\FREESCALE\Debug\Obj\GPIO.o
#        C:\Users\matteo\Desktop\FREESCALE\Debug\Obj\HCSR.o
#        C:\Users\matteo\Desktop\FREESCALE\Debug\Obj\I2C.o
#        C:\Users\matteo\Desktop\FREESCALE\Debug\Obj\IDC.o
#        C:\Users\matteo\Desktop\FREESCALE\Debug\Obj\Lptmr.o
#        C:\Users\matteo\Desktop\FREESCALE\Debug\Obj\LQ12864.o
#        C:\Users\matteo\Desktop\FREESCALE\Debug\Obj\LQKEY.o
#        C:\Users\matteo\Desktop\FREESCALE\Debug\Obj\LQLED.o
#        C:\Users\matteo\Desktop\FREESCALE\Debug\Obj\main.o
#        C:\Users\matteo\Desktop\FREESCALE\Debug\Obj\PID.o
#        C:\Users\matteo\Desktop\FREESCALE\Debug\Obj\PIT.o
#        C:\Users\matteo\Desktop\FREESCALE\Debug\Obj\PLL.o
#        C:\Users\matteo\Desktop\FREESCALE\Debug\Obj\start.o
#        C:\Users\matteo\Desktop\FREESCALE\Debug\Obj\UART.o
#        C:\Users\matteo\Desktop\FREESCALE\Debug\Obj\vectors.o
#        C:\Users\matteo\Desktop\FREESCALE\Debug\Obj\wdog.o -o
#        C:\Users\matteo\Desktop\FREESCALE\Debug\Exe\LQ_K60_FTM_PWM_SERVO_KEY_OLED.out
#        --map
#        C:\Users\matteo\Desktop\FREESCALE\Debug\List\LQ_K60_FTM_PWM_SERVO_KEY_OLED.map
#        --config
#        C:\Users\matteo\Desktop\FREESCALE\src\Project_Setting\Linker_Files\Pflash.icf
#        --semihosting --entry __iar_program_start --vfe --text_out locale)
#
###############################################################################

*******************************************************************************
*** RUNTIME MODEL ATTRIBUTES
***

CppFlavor       = *
__SystemLibrary = DLib
__dlib_version  = 6


*******************************************************************************
*** HEAP SELECTION
***

The basic heap was selected because no calls to memory allocation
functions were found in the application outside of system library
functions, and there are calls to deallocation functions in the
application.


*******************************************************************************
*** PLACEMENT SUMMARY
***

"A0":  place at 0x00000000 { ro section .intvec };
"A1":  place at 0x00000410 { ro section .noinit };
define block CodeRelocate { section .textrw_init };
"P1":  place in [from 0x00000000 to 0x00080000] { ro, block CodeRelocate };
define block CodeRelocateRam { section .textrw };
define block CSTACK with size = 4K, alignment = 8 { };
define block HEAP with size = 512, alignment = 8 { };
"P2":  place in [from 0x1fff0410 to 0x20010000] {
          rw, block CodeRelocateRam, block CSTACK, block HEAP };
initialize manually with packing = copy, complex ranges { section .data };

No sections matched the following patterns:

  section .textrw       in block CodeRelocateRam
  section .textrw_init  in block CodeRelocate


  Section              Kind        Address    Size  Object
  -------              ----        -------    ----  ------
"A0":                                        0x410
  .intvec              const    0x00000000   0x410  vectors.o [1]
                              - 0x00000410   0x410

"A1":                                         0x3c
  .noinit              ro code  0x00000410    0x3c  crt0.o [1]
                              - 0x0000044c    0x3c

"P1", part 1 of 2:                          0x22e0
  .text                ro code  0x0000044c   0x3f4  LQ12864.o [1]
  .text                ro code  0x00000840   0x248  GPIO.o [1]
  .text                ro code  0x00000a88    0xb8  common.o [1]
  .text                ro code  0x00000b40   0x378  Control.o [1]
  .text                ro code  0x00000eb8   0x368  UART.o [1]
  .text                ro code  0x00001220   0x11c  HCSR.o [1]
  .text                ro code  0x0000133c    0x98  IDC.o [1]
  .text                ro code  0x000013d4    0xd8  eletrical.o [1]
  .text                ro code  0x000014ac   0x148  PIT.o [1]
  .text                ro code  0x000015f4    0x40  sprintf.o [3]
  .text                ro code  0x00001634    0x1a  U32ToDbl.o [4]
  .text                ro code  0x0000164e     0xa  xsprout.o [3]
  .text                ro code  0x00001658   0x1a2  DblMul.o [4]
  .text                ro code  0x000017fa     0x2  vectors.o [1]
  .text                ro code  0x000017fc   0x246  DblDiv.o [4]
  .text                ro code  0x00001a44    0x28  DblToU32.o [4]
  .text                ro code  0x00001a6c    0x80  Lptmr.o [1]
  .text                ro code  0x00001aec   0x1da  ADC.o [1]
  .text                ro code  0x00001cc8   0x244  FTM.o [1]
  .text                ro code  0x00001f0c    0x90  PID.o [1]
  .text                ro code  0x00001f9c   0x142  xprintftiny.o [3]
  .text                ro code  0x000020e0    0x36  strlen.o [5]
  .rodata              const    0x00002118   0x228  LQ12864.o [1]
  .text                ro code  0x00002340   0x154  PLL.o [1]
  .text                ro code  0x00002494    0xac  start.o [1]
  .text                ro code  0x00002540    0x38  wdog.o [1]
  .text                ro code  0x00002578    0x6e  main.o [1]
  .data_init                    0x000025e8    0x54  <Block>
    Initializer bytes  const    0x000025e8    0x54  <for .data-1>
  .text                ro code  0x0000263c    0x40  zero_init3.o [5]
  .text                ro code  0x0000267c    0x28  data_init.o [5]
  .iar.init_table      const    0x000026a4    0x10  - Linker created -
  .text                ro code  0x000026b4    0x1e  cmain.o [5]
  .text                ro code  0x000026d2     0x4  low_level_init.o [3]
  .text                ro code  0x000026d6     0x4  exit.o [3]
  .text                ro code  0x000026dc     0xa  cexit.o [5]
  .text                ro code  0x000026e8    0x14  exit.o [6]
  .rodata              const    0x000026fc    0x14  UART.o [1]
  .text                ro code  0x00002710     0xc  cstartup_M.o [5]
  .rodata              const    0x0000271c     0x8  Control.o [1]
  .rodata              const    0x00002724     0x8  Control.o [1]
  .rodata              const    0x0000272c     0x0  zero_init3.o [5]
                              - 0x0000272c  0x22e0

"P1", part 2 of 2:                             0x0
  CodeRelocate                  0x0000272c     0x0  <Block>

"P2", part 1 of 3:                            0x54
  .data                         0x1fff0410    0x54  <Block>
    .data-1                     0x1fff0410    0x54  <Init block>
      .data            inited   0x1fff0410     0xc  FTM.o [1]
      .data            inited   0x1fff041c    0x14  GPIO.o [1]
      .data            inited   0x1fff0430    0x14  GPIO.o [1]
      .data            inited   0x1fff0444     0x4  PID.o [1]
      .data            inited   0x1fff0448     0x4  PID.o [1]
      .data            inited   0x1fff044c    0x18  UART.o [1]
                              - 0x1fff0464    0x54

"P2", part 2 of 3:                            0x4c
  .bss                          0x1fff0464    0x4c  <Block>
    .bss               zero     0x1fff0464     0x4  eletrical.o [1]
    .bss               zero     0x1fff0468    0x14  HCSR.o [1]
    .bss               zero     0x1fff047c     0x8  IDC.o [1]
    .bss               zero     0x1fff0484    0x18  PID.o [1]
    .bss               zero     0x1fff049c     0x4  PID.o [1]
    .bss               zero     0x1fff04a0     0x4  PID.o [1]
    .bss               zero     0x1fff04a4     0x2  eletrical.o [1]
    .bss               zero     0x1fff04a6     0x2  eletrical.o [1]
    .bss               zero     0x1fff04a8     0x2  eletrical.o [1]
    .bss               zero     0x1fff04aa     0x1  Control.o [1]
    .bss               zero     0x1fff04ab     0x1  Control.o [1]
    .bss               zero     0x1fff04ac     0x1  main.o [1]
    .bss               zero     0x1fff04ad     0x1  PLL.o [1]
    .bss               zero     0x1fff04ae     0x1  PLL.o [1]
                              - 0x1fff04b0    0x4c

"P2", part 3 of 3:                             0x0
  CodeRelocateRam               0x1fff04b0     0x0  <Block>


*******************************************************************************
*** INIT TABLE
***

          Address     Size
          -------     ----
Zero (__iar_zero_init3)
    1 destination range, total size 0x4b:
          0x1fff0464  0x4b



*******************************************************************************
*** MODULE SUMMARY
***

    Module            ro code  ro data  rw data
    ------            -------  -------  -------
C:\Users\matteo\Desktop\FREESCALE\Debug\Obj: [1]
    ADC.o                 474
    Control.o             888       16        2
    FTM.o                 580       12       12
    GPIO.o                584       40       40
    HCSR.o                284                20
    IDC.o                 152                 8
    LQ12864.o           1 012      552
    Lptmr.o               128
    PID.o                 144        8       40
    PIT.o                 328
    PLL.o                 340                 2
    UART.o                872       44       24
    common.o              184
    crt0.o                 60
    eletrical.o           216                10
    main.o                110                 1
    start.o               172
    vectors.o               2    1 040
    wdog.o                 56
    -------------------------------------------
    Total:              6 586    1 712      159

command line: [2]
    -------------------------------------------
    Total:

dl7M_tlf.a: [3]
    exit.o                  4
    low_level_init.o        4
    sprintf.o              64
    xprintftiny.o         322
    xsprout.o              10
    -------------------------------------------
    Total:                404

m7M_tl.a: [4]
    DblDiv.o              582
    DblMul.o              418
    DblToU32.o             40
    U32ToDbl.o             26
    -------------------------------------------
    Total:              1 066

rt7M_tl.a: [5]
    cexit.o                10
    cmain.o                30
    cstartup_M.o           12
    data_init.o            40
    strlen.o               54
    zero_init3.o           64
    -------------------------------------------
    Total:                210

shb_l.a: [6]
    exit.o                 20
    -------------------------------------------
    Total:                 20

    Gaps                   10        2
    Linker created                  16
-----------------------------------------------
    Grand Total:        8 296    1 730      159


*******************************************************************************
*** ENTRY LIST
***

Entry                      Address   Size  Type      Object
-----                      -------   ----  ----      ------
.bss$$Base              0x1fff0464          --   Gb  - Linker created -
.bss$$Limit             0x1fff04b0          --   Gb  - Linker created -
.data$$Base             0x1fff0410          --   Gb  - Linker created -
.data$$Limit            0x1fff0464          --   Gb  - Linker created -
.data_init$$Base        0x000025e8          --   Gb  - Linker created -
.data_init$$Limit       0x0000263c          --   Gb  - Linker created -
.iar.init_table$$Base   0x000026a4          --   Gb  - Linker created -
.iar.init_table$$Limit  0x000026b4          --   Gb  - Linker created -
?main                   0x000026b5         Code  Gb  cmain.o [5]
ADC_Ave                 0x00001c7f   0x48  Code  Gb  ADC.o [1]
ADC_Init                0x00001aed   0x4a  Code  Gb  ADC.o [1]
ADC_Mid                 0x00001c05   0x7a  Code  Gb  ADC.o [1]
ADC_Once                0x00001b89   0x50  Code  Gb  ADC.o [1]
ADC_Start               0x00001b37   0x52  Code  Gb  ADC.o [1]
CodeRelocate$$Base      0x0000272c          --   Gb  - Linker created -
CodeRelocate$$Limit     0x0000272c          --   Gb  - Linker created -
CodeRelocateRam$$Base   0x1fff04b0          --   Gb  - Linker created -
CodeRelocateRam$$Limit  0x1fff04b0          --   Gb  - Linker created -
D_DATA                  0x1fff04a0    0x4  Data  Gb  PID.o [1]
DirecChange             0x1fff04a6    0x2  Data  Gb  eletrical.o [1]
EXTI_Init               0x00000907   0x66  Code  Gb  GPIO.o [1]
F6x8                    0x00002118  0x228  Data  Gb  LQ12864.o [1]
FTM0_interrupt          0x00001e93   0x10  Code  Gb  FTM.o [1]
FTM1_interrupt          0x00001ea3   0x10  Code  Gb  FTM.o [1]
FTM2_interrupt          0x00001eb3   0x10  Code  Gb  FTM.o [1]
FTMN                    0x1fff0410    0xc  Data  Gb  FTM.o [1]
FTM_PWM_Duty            0x00001e7d   0x16  Code  Gb  FTM.o [1]
FTM_PWM_Init            0x00001cc9  0x1b4  Code  Gb  FTM.o [1]
GPIOX                   0x1fff041c   0x14  Data  Gb  GPIO.o [1]
GPIO_Ctrl               0x000008c9   0x22  Code  Gb  GPIO.o [1]
GPIO_Get                0x000008eb   0x1c  Code  Gb  GPIO.o [1]
GPIO_Init               0x00000841   0x88  Code  Gb  GPIO.o [1]
HCSR_Controller         0x00000d2b   0x32  Code  Gb  Control.o [1]
HCSR_Init               0x00001221   0x46  Code  Gb  HCSR.o [1]
HCSR_pull_trig          0x000012ef   0x3a  Code  Gb  HCSR.o [1]
IDC                     0x1fff047c    0x8  Data  Gb  IDC.o [1]
IDC_get                 0x0000133d   0x94  Code  Gb  IDC.o [1]
I_DATA                  0x1fff049c    0x4  Data  Gb  PID.o [1]
IncPIDCalc              0x00001f3d   0x50  Code  Gb  PID.o [1]
LCD_CLS                 0x000005b5   0x3c  Code  Gb  LQ12864.o [1]
LCD_DLY_ms              0x000005f1   0x16  Code  Gb  LQ12864.o [1]
LCD_Fill                0x00000575   0x40  Code  Gb  LQ12864.o [1]
LCD_Init                0x00000607  0x11c  Code  Gb  LQ12864.o [1]
LCD_P6x8Str             0x00000723   0x72  Code  Gb  LQ12864.o [1]
LCD_PrintU16            0x00000795   0xa4  Code  Gb  LQ12864.o [1]
LCD_Set_Pos             0x00000545   0x30  Code  Gb  LQ12864.o [1]
LCD_WrCmd               0x000004c9   0x7c  Code  Gb  LQ12864.o [1]
LCD_WrDat               0x0000044d   0x7c  Code  Gb  LQ12864.o [1]
LPTMR_Interrupt         0x00001ac7    0xe  Code  Gb  Lptmr.o [1]
LPTMR_delay_us          0x00001a6d   0x5a  Code  Gb  Lptmr.o [1]
PID_Init                0x00001f0d   0x30  Code  Gb  PID.o [1]
PIT0_Interrupt          0x00000e5f   0x16  Code  Gb  Control.o [1]
PIT1_Interrupt          0x00000d83   0x14  Code  Gb  Control.o [1]
PIT2_Interrupt          0x0000151f    0xe  Code  Gb  PIT.o [1]
PIT3_Interrupt          0x0000152d    0xe  Code  Gb  PIT.o [1]
PIT_Init                0x000014ad   0x72  Code  Gb  PIT.o [1]
PLL_Init                0x00002341  0x154  Code  Gb  PLL.o [1]
PORTA_Interrupt         0x00000d97   0xc8  Code  Gb  Control.o [1]
PORTB_Interrupt         0x0000096d   0x3a  Code  Gb  GPIO.o [1]
PORTC_Interrupt         0x000009a7   0x3a  Code  Gb  GPIO.o [1]
PORTD_Interrupt         0x00000a1b   0x3a  Code  Gb  GPIO.o [1]
PORTE_Interrupt         0x000009e1   0x3a  Code  Gb  GPIO.o [1]
PORTX                   0x1fff0430   0x14  Data  Gb  GPIO.o [1]
P_DATA                  0x1fff0448    0x4  Data  Gb  PID.o [1]
Region$$Table$$Base     0x000026a4          --   Gb  - Linker created -
Region$$Table$$Limit    0x000026b4          --   Gb  - Linker created -
UART0_IRQHandler        0x00001105   0x22  Code  Gb  UART.o [1]
UART1_IRQHandler        0x00001127   0x22  Code  Gb  UART.o [1]
UART2_IRQHandler        0x00001149   0x22  Code  Gb  UART.o [1]
UART3_IRQHandler        0x0000116b   0x22  Code  Gb  UART.o [1]
UART4_IRQHandler        0x0000118d   0x22  Code  Gb  UART.o [1]
UART5_IRQHandler        0x000011af   0x22  Code  Gb  UART.o [1]
UARTN                   0x1fff044c   0x18  Data  Gb  UART.o [1]
UART_Get_Char           0x000010b1   0x1c  Code  Gb  UART.o [1]
UART_Init               0x00000eb9  0x1f8  Code  Gb  UART.o [1]
UART_Put_Char           0x000010cd   0x1c  Code  Gb  UART.o [1]
UART_Put_Str            0x000010e9   0x1c  Code  Gb  UART.o [1]
_PrintfTiny             0x00001fb9  0x126  Code  Gb  xprintftiny.o [3]
_SProut                 0x0000164f    0xa  Code  Gb  xsprout.o [3]
__BOOT_STACK_ADDRESS {Abs}
                        0x2000fff8         Data  Gb  command line/config [2]
__VECTOR_RAM {Abs}      0x1fff0000         Data  Gb  command line/config [2]
__VECTOR_TABLE {Abs}    0x00000000         Data  Gb  command line/config [2]
__aeabi_d2uiz           0x00001a45         Code  Gb  DblToU32.o [4]
__aeabi_ddiv            0x000017fd         Code  Gb  DblDiv.o [4]
__aeabi_dmul            0x00001659         Code  Gb  DblMul.o [4]
__aeabi_ui2d            0x00001635         Code  Gb  U32ToDbl.o [4]
__cmain                 0x000026b5         Code  Gb  cmain.o [5]
__exit                  0x000026e9   0x14  Code  Gb  exit.o [6]
__iar_data_init3        0x0000267d   0x28  Code  Gb  data_init.o [5]
__iar_program_start     0x00002711         Code  Gb  cstartup_M.o [5]
__iar_systems$$module {Abs}
                        0x00000001         Data  Gb  command line/config [2]
__iar_zero_init3        0x0000263d   0x40  Code  Gb  zero_init3.o [5]
__low_level_init        0x000026d3    0x4  Code  Gb  low_level_init.o [3]
__startup               0x00000411         Code  Gb  crt0.o [1]
__vector_table          0x00000000  0x410  Data  Gb  vectors.o [1]
_call_main              0x000026c1         Code  Gb  cmain.o [5]
_exit                   0x000026dd         Code  Gb  cexit.o [5]
_main                   0x000026cf         Code  Gb  cmain.o [5]
bus_clk                 0x1fff04ae    0x1  Data  Gb  PLL.o [1]
common_startup          0x000024a5   0x74  Code  Gb  start.o [1]
core_clk                0x1fff04ad    0x1  Data  Gb  PLL.o [1]
default_isr             0x000017fb    0x2  Code  Gb  vectors.o [1]
dir                     0x1fff0464    0x4  Data  Gb  eletrical.o [1]
drew_send               0x00000b41  0x110  Code  Gb  Control.o [1]
drive_init              0x00002579   0x52  Code  Gb  main.o [1]
electrical_control      0x00001405   0x90  Code  Gb  eletrical.o [1]
electrical_init         0x000013d5   0x30  Code  Gb  eletrical.o [1]
enable_irq              0x00000a8f   0x96  Code  Gb  common.o [1]
exit                    0x000026d7    0x4  Code  Gb  exit.o [3]
get_distance            0x00001267   0x88  Code  Gb  HCSR.o [1]
main                    0x000025d1   0x16  Code  Gb  main.o [1]
out                     0x00001f9d   0x1c  Code  Lc  xprintftiny.o [3]
pit1                    0x00000d5d   0x26  Code  Gb  Control.o [1]
pit1_f                  0x1fff04ac    0x1  Data  Gb  main.o [1]
pit_time_get_notClear   0x0000153b   0x1a  Code  Gb  PIT.o [1]
pit_time_start          0x00001555   0x88  Code  Gb  PIT.o [1]
sPID                    0x1fff0484   0x18  Data  Lc  PID.o [1]
screen_flash_rate       0x1fff04ab    0x1  Data  Gb  Control.o [1]
sensor                  0x1fff0468   0x14  Data  Gb  HCSR.o [1]
sensor_shift_flag       0x1fff04aa    0x1  Data  Gb  Control.o [1]
sprintf                 0x000015f5   0x40  Code  Gb  sprintf.o [3]
sptr                    0x1fff0444    0x4  Data  Lc  PID.o [1]
start                   0x00002495   0x10  Code  Gb  start.o [1]
strlen                  0x000020e1         Code  Gb  strlen.o [5]
test                    0x1fff04a4    0x2  Data  Gb  eletrical.o [1]
test1                   0x1fff04a8    0x2  Data  Gb  eletrical.o [1]
view_                   0x00000c51   0xda  Code  Gb  Control.o [1]
wdog_disable            0x00002541   0x16  Code  Gb  wdog.o [1]
wdog_unlock             0x00002559   0x16  Code  Gb  wdog.o [1]
write_vtor              0x00000a89    0x6  Code  Gb  common.o [1]


[1] = C:\Users\matteo\Desktop\FREESCALE\Debug\Obj
[2] = command line
[3] = dl7M_tlf.a
[4] = m7M_tl.a
[5] = rt7M_tl.a
[6] = shb_l.a

  8 296 bytes of readonly  code memory
  1 730 bytes of readonly  data memory
    159 bytes of readwrite data memory

Errors: none
Warnings: none
