###############################################################################
#
# IAR ELF Linker V8.22.1.15669/W32 for ARM                25/Mar/2019  20:54:56
# Copyright 2007-2018 IAR Systems AB.
#
#    Output file  =  
#        C:\Users\matteo\Documents\K60\Èí¼þ\K60Test\20190312\Í¼Ïñ¶ÁÈ¡\Debug\Exe\LQ_K60_FTM_PWM_SERVO_KEY_OLED.out
#    Map file     =  
#        C:\Users\matteo\Documents\K60\Èí¼þ\K60Test\20190312\Í¼Ïñ¶ÁÈ¡\Debug\List\LQ_K60_FTM_PWM_SERVO_KEY_OLED.map
#    Command line =  
#        -f C:\Users\matteo\AppData\Local\Temp\EW656D.tmp
#        (C:\Users\matteo\Documents\K60\Èí¼þ\K60Test\20190312\Í¼Ïñ¶ÁÈ¡\Debug\Obj\ADC.o
#        C:\Users\matteo\Documents\K60\Èí¼þ\K60Test\20190312\Í¼Ïñ¶ÁÈ¡\Debug\Obj\common.o
#        C:\Users\matteo\Documents\K60\Èí¼þ\K60Test\20190312\Í¼Ïñ¶ÁÈ¡\Debug\Obj\crt0.o
#        C:\Users\matteo\Documents\K60\Èí¼þ\K60Test\20190312\Í¼Ïñ¶ÁÈ¡\Debug\Obj\DAC.o
#        C:\Users\matteo\Documents\K60\Èí¼þ\K60Test\20190312\Í¼Ïñ¶ÁÈ¡\Debug\Obj\DMA.o
#        C:\Users\matteo\Documents\K60\Èí¼þ\K60Test\20190312\Í¼Ïñ¶ÁÈ¡\Debug\Obj\FTM.o
#        C:\Users\matteo\Documents\K60\Èí¼þ\K60Test\20190312\Í¼Ïñ¶ÁÈ¡\Debug\Obj\GPIO.o
#        C:\Users\matteo\Documents\K60\Èí¼þ\K60Test\20190312\Í¼Ïñ¶ÁÈ¡\Debug\Obj\I2C.o
#        C:\Users\matteo\Documents\K60\Èí¼þ\K60Test\20190312\Í¼Ïñ¶ÁÈ¡\Debug\Obj\Lptmr.o
#        C:\Users\matteo\Documents\K60\Èí¼þ\K60Test\20190312\Í¼Ïñ¶ÁÈ¡\Debug\Obj\LQ12864.o
#        C:\Users\matteo\Documents\K60\Èí¼þ\K60Test\20190312\Í¼Ïñ¶ÁÈ¡\Debug\Obj\LQKEY.o
#        C:\Users\matteo\Documents\K60\Èí¼þ\K60Test\20190312\Í¼Ïñ¶ÁÈ¡\Debug\Obj\LQLED.o
#        C:\Users\matteo\Documents\K60\Èí¼þ\K60Test\20190312\Í¼Ïñ¶ÁÈ¡\Debug\Obj\main.o
#        C:\Users\matteo\Documents\K60\Èí¼þ\K60Test\20190312\Í¼Ïñ¶ÁÈ¡\Debug\Obj\PIT.o
#        C:\Users\matteo\Documents\K60\Èí¼þ\K60Test\20190312\Í¼Ïñ¶ÁÈ¡\Debug\Obj\PLL.o
#        C:\Users\matteo\Documents\K60\Èí¼þ\K60Test\20190312\Í¼Ïñ¶ÁÈ¡\Debug\Obj\start.o
#        C:\Users\matteo\Documents\K60\Èí¼þ\K60Test\20190312\Í¼Ïñ¶ÁÈ¡\Debug\Obj\UART.o
#        C:\Users\matteo\Documents\K60\Èí¼þ\K60Test\20190312\Í¼Ïñ¶ÁÈ¡\Debug\Obj\vectors.o
#        C:\Users\matteo\Documents\K60\Èí¼þ\K60Test\20190312\Í¼Ïñ¶ÁÈ¡\Debug\Obj\wdog.o
#        -o
#        C:\Users\matteo\Documents\K60\Èí¼þ\K60Test\20190312\Í¼Ïñ¶ÁÈ¡\Debug\Exe\LQ_K60_FTM_PWM_SERVO_KEY_OLED.out
#        --map
#        C:\Users\matteo\Documents\K60\Èí¼þ\K60Test\20190312\Í¼Ïñ¶ÁÈ¡\Debug\List\LQ_K60_FTM_PWM_SERVO_KEY_OLED.map
#        --config
#        C:\Users\matteo\Documents\K60\Èí¼þ\K60Test\20190312\Í¼Ïñ¶ÁÈ¡\src\Project_Setting\Linker_Files\Pflash.icf
#        --semihosting --entry __iar_program_start --vfe --text_out locale)
#
###############################################################################

*******************************************************************************
*** RUNTIME MODEL ATTRIBUTES
***

CppFlavor       = *
__SystemLibrary = DLib
__dlib_version  = 6


*******************************************************************************
*** HEAP SELECTION
***

The basic heap was selected because no calls to memory allocation
functions were found in the application outside of system library
functions, and there are calls to deallocation functions in the
application.


*******************************************************************************
*** PLACEMENT SUMMARY
***

"A0":  place at 0x00000000 { ro section .intvec };
"A1":  place at 0x00000410 { ro section .noinit };
define block CodeRelocate { section .textrw_init };
"P1":  place in [from 0x00000000 to 0x00080000] { ro, block CodeRelocate };
define block CodeRelocateRam { section .textrw };
define block CSTACK with size = 4K, alignment = 8 { };
define block HEAP with size = 512, alignment = 8 { };
"P2":  place in [from 0x1fff0410 to 0x20010000] {
          rw, block CodeRelocateRam, block CSTACK, block HEAP };
initialize manually with packing = copy, complex ranges { section .data };

No sections matched the following patterns:

  section .textrw       in block CodeRelocateRam
  section .textrw_init  in block CodeRelocate


  Section              Kind        Address    Size  Object
  -------              ----        -------    ----  ------
"A0":                                        0x410
  .intvec              const    0x00000000   0x410  vectors.o [1]
                              - 0x00000410   0x410

"A1":                                         0x3c
  .noinit              ro code  0x00000410    0x3c  crt0.o [1]
                              - 0x0000044c    0x3c

"P1", part 1 of 2:                          0x111c
  .text                ro code  0x0000044c   0x368  UART.o [1]
  .text                ro code  0x000007b4    0x40  sprintf.o [3]
  .text                ro code  0x000007f4   0x142  xprintftiny.o [3]
  .text                ro code  0x00000936     0xa  xsprout.o [3]
  .text                ro code  0x00000940    0x36  strlen.o [5]
  .text                ro code  0x00000976     0x2  vectors.o [1]
  .text                ro code  0x00000978   0x350  LQ12864.o [1]
  .text                ro code  0x00000cc8   0x1d8  GPIO.o [1]
  .rodata              const    0x00000ea0   0x228  LQ12864.o [1]
  .text                ro code  0x000010c8   0x154  PLL.o [1]
  .text                ro code  0x0000121c    0xac  start.o [1]
  .text                ro code  0x000012c8    0x38  wdog.o [1]
  .text                ro code  0x00001300    0x54  main.o [1]
  .text                ro code  0x00001354     0xc  common.o [1]
  .text                ro code  0x00001360    0x64  Lptmr.o [1]
  .text                ro code  0x000013c4    0x54  PIT.o [1]
  .text                ro code  0x00001418    0x40  FTM.o [1]
  .text                ro code  0x00001458    0x40  zero_init3.o [5]
  .text                ro code  0x00001498    0x28  data_init.o [5]
  .iar.init_table      const    0x000014c0    0x10  - Linker created -
  .text                ro code  0x000014d0    0x1e  cmain.o [5]
  .text                ro code  0x000014ee     0x4  low_level_init.o [3]
  .text                ro code  0x000014f2     0x4  exit.o [3]
  .text                ro code  0x000014f8     0xa  cexit.o [5]
  .text                ro code  0x00001504    0x14  exit.o [6]
  .data_init                    0x00001518    0x18  <Block>
    Initializer bytes  const    0x00001518    0x18  <for .data-1>
  .rodata              const    0x00001530    0x14  UART.o [1]
  .rodata              const    0x00001544    0x10  main.o [1]
  .text                ro code  0x00001554     0xc  cstartup_M.o [5]
  .rodata              const    0x00001560     0x8  main.o [1]
  .rodata              const    0x00001568     0x0  zero_init3.o [5]
                              - 0x00001568  0x111c

"P1", part 2 of 2:                             0x0
  CodeRelocate                  0x00001568     0x0  <Block>

"P2", part 1 of 3:                            0x18
  .data                         0x1fff0410    0x18  <Block>
    .data-1                     0x1fff0410    0x18  <Init block>
      .data            inited   0x1fff0410    0x18  UART.o [1]
                              - 0x1fff0428    0x18

"P2", part 2 of 3:                             0x4
  .bss                          0x1fff0428     0x4  <Block>
    .bss               zero     0x1fff0428     0x1  main.o [1]
    .bss               zero     0x1fff0429     0x1  PLL.o [1]
    .bss               zero     0x1fff042a     0x1  PLL.o [1]
                              - 0x1fff042c     0x4

"P2", part 3 of 3:                             0x0
  CodeRelocateRam               0x1fff042c     0x0  <Block>


*******************************************************************************
*** INIT TABLE
***

          Address     Size
          -------     ----
Zero (__iar_zero_init3)
    1 destination range, total size 0x3:
          0x1fff0428   0x3



*******************************************************************************
*** MODULE SUMMARY
***

    Module            ro code  ro data  rw data
    ------            -------  -------  -------
C:\Users\matteo\Documents\K60\Èí¼þ\K60Test\20190312\Í¼Ïñ¶ÁÈ¡\Debug\Obj: [1]
    FTM.o                  64
    GPIO.o                472
    LQ12864.o             848      552
    Lptmr.o               100
    PIT.o                  84
    PLL.o                 340                 2
    UART.o                872       44       24
    common.o               12
    crt0.o                 60
    main.o                 84       24        1
    start.o               172
    vectors.o               2    1 040
    wdog.o                 56
    -------------------------------------------
    Total:              3 166    1 660       27

command line: [2]
    -------------------------------------------
    Total:

dl7M_tln.a: [3]
    exit.o                  4
    low_level_init.o        4
    sprintf.o              64
    xprintftiny.o         322
    xsprout.o              10
    -------------------------------------------
    Total:                404

m7M_tl.a: [4]
    -------------------------------------------
    Total:

rt7M_tl.a: [5]
    cexit.o                10
    cmain.o                30
    cstartup_M.o           12
    data_init.o            40
    strlen.o               54
    zero_init3.o           64
    -------------------------------------------
    Total:                210

shb_l.a: [6]
    exit.o                 20
    -------------------------------------------
    Total:                 20

    Gaps                    4
    Linker created                  16
-----------------------------------------------
    Grand Total:        3 804    1 676       27


*******************************************************************************
*** ENTRY LIST
***

Entry                      Address   Size  Type      Object
-----                      -------   ----  ----      ------
.bss$$Base              0x1fff0428          --   Gb  - Linker created -
.bss$$Limit             0x1fff042c          --   Gb  - Linker created -
.data$$Base             0x1fff0410          --   Gb  - Linker created -
.data$$Limit            0x1fff0428          --   Gb  - Linker created -
.data_init$$Base        0x00001518          --   Gb  - Linker created -
.data_init$$Limit       0x00001530          --   Gb  - Linker created -
.iar.init_table$$Base   0x000014c0          --   Gb  - Linker created -
.iar.init_table$$Limit  0x000014d0          --   Gb  - Linker created -
?main                   0x000014d1         Code  Gb  cmain.o [5]
CodeRelocate$$Base      0x00001568          --   Gb  - Linker created -
CodeRelocate$$Limit     0x00001568          --   Gb  - Linker created -
CodeRelocateRam$$Base   0x1fff042c          --   Gb  - Linker created -
CodeRelocateRam$$Limit  0x1fff042c          --   Gb  - Linker created -
F6x8                    0x00000ea0  0x228  Data  Gb  LQ12864.o [1]
FTM0_interrupt          0x00001419   0x10  Code  Gb  FTM.o [1]
FTM1_interrupt          0x00001429   0x10  Code  Gb  FTM.o [1]
FTM2_interrupt          0x00001439   0x10  Code  Gb  FTM.o [1]
GPIO_Init               0x00000cc9   0x88  Code  Gb  GPIO.o [1]
LCD_CLS                 0x00000ae1   0x3c  Code  Gb  LQ12864.o [1]
LCD_DLY_ms              0x00000b1d   0x16  Code  Gb  LQ12864.o [1]
LCD_Fill                0x00000aa1   0x40  Code  Gb  LQ12864.o [1]
LCD_Init                0x00000b33  0x11c  Code  Gb  LQ12864.o [1]
LCD_P6x8Str             0x00000c4f   0x72  Code  Gb  LQ12864.o [1]
LCD_Set_Pos             0x00000a71   0x30  Code  Gb  LQ12864.o [1]
LCD_WrCmd               0x000009f5   0x7c  Code  Gb  LQ12864.o [1]
LCD_WrDat               0x00000979   0x7c  Code  Gb  LQ12864.o [1]
LPTMR_Interrupt         0x000013a3    0xe  Code  Gb  Lptmr.o [1]
LPTMR_delay_ms          0x00001361   0x42  Code  Gb  Lptmr.o [1]
PIT0_Interrupt          0x000013c5   0x14  Code  Gb  PIT.o [1]
PIT0_f                  0x1fff0428    0x1  Data  Gb  main.o [1]
PIT1_Interrupt          0x000013d9    0xe  Code  Gb  PIT.o [1]
PIT2_Interrupt          0x000013e7    0xe  Code  Gb  PIT.o [1]
PIT3_Interrupt          0x000013f5    0xe  Code  Gb  PIT.o [1]
PLL_Init                0x000010c9  0x154  Code  Gb  PLL.o [1]
PORTA_Interrupt         0x00000d51   0x3a  Code  Gb  GPIO.o [1]
PORTB_Interrupt         0x00000d8b   0x3a  Code  Gb  GPIO.o [1]
PORTC_Interrupt         0x00000dc5   0x3a  Code  Gb  GPIO.o [1]
PORTD_Interrupt         0x00000e39   0x3a  Code  Gb  GPIO.o [1]
PORTE_Interrupt         0x00000dff   0x3a  Code  Gb  GPIO.o [1]
Region$$Table$$Base     0x000014c0          --   Gb  - Linker created -
Region$$Table$$Limit    0x000014d0          --   Gb  - Linker created -
UART0_IRQHandler        0x00000699   0x22  Code  Gb  UART.o [1]
UART1_IRQHandler        0x000006bb   0x22  Code  Gb  UART.o [1]
UART2_IRQHandler        0x000006dd   0x22  Code  Gb  UART.o [1]
UART3_IRQHandler        0x000006ff   0x22  Code  Gb  UART.o [1]
UART4_IRQHandler        0x00000721   0x22  Code  Gb  UART.o [1]
UART5_IRQHandler        0x00000743   0x22  Code  Gb  UART.o [1]
UARTN                   0x1fff0410   0x18  Data  Gb  UART.o [1]
UART_Get_Char           0x00000645   0x1c  Code  Gb  UART.o [1]
UART_Init               0x0000044d  0x1f8  Code  Gb  UART.o [1]
UART_Put_Char           0x00000661   0x1c  Code  Gb  UART.o [1]
UART_Put_Str            0x0000067d   0x1c  Code  Gb  UART.o [1]
_PrintfTiny             0x00000811  0x126  Code  Gb  xprintftiny.o [3]
_SProut                 0x00000937    0xa  Code  Gb  xsprout.o [3]
__BOOT_STACK_ADDRESS {Abs}
                        0x2000fff8         Data  Gb  command line/config [2]
__VECTOR_RAM {Abs}      0x1fff0000         Data  Gb  command line/config [2]
__VECTOR_TABLE {Abs}    0x00000000         Data  Gb  command line/config [2]
__cmain                 0x000014d1         Code  Gb  cmain.o [5]
__exit                  0x00001505   0x14  Code  Gb  exit.o [6]
__iar_data_init3        0x00001499   0x28  Code  Gb  data_init.o [5]
__iar_program_start     0x00001555         Code  Gb  cstartup_M.o [5]
__iar_systems$$module {Abs}
                        0x00000001         Data  Gb  command line/config [2]
__iar_zero_init3        0x00001459   0x40  Code  Gb  zero_init3.o [5]
__low_level_init        0x000014ef    0x4  Code  Gb  low_level_init.o [3]
__startup               0x00000411         Code  Gb  crt0.o [1]
__vector_table          0x00000000  0x410  Data  Gb  vectors.o [1]
_call_main              0x000014dd         Code  Gb  cmain.o [5]
_exit                   0x000014f9         Code  Gb  cexit.o [5]
_main                   0x000014eb         Code  Gb  cmain.o [5]
bus_clk                 0x1fff042a    0x1  Data  Gb  PLL.o [1]
common_startup          0x0000122d   0x74  Code  Gb  start.o [1]
core_clk                0x1fff0429    0x1  Data  Gb  PLL.o [1]
default_isr             0x00000977    0x2  Code  Gb  vectors.o [1]
exit                    0x000014f3    0x4  Code  Gb  exit.o [3]
main                    0x0000130d   0x3e  Code  Gb  main.o [1]
out                     0x000007f5   0x1c  Code  Lc  xprintftiny.o [3]
sprintf                 0x000007b5   0x40  Code  Gb  sprintf.o [3]
start                   0x0000121d   0x10  Code  Gb  start.o [1]
strlen                  0x00000941         Code  Gb  strlen.o [5]
time_delay_ms           0x00001301    0xa  Code  Gb  main.o [1]
wdog_disable            0x000012c9   0x16  Code  Gb  wdog.o [1]
wdog_unlock             0x000012e1   0x16  Code  Gb  wdog.o [1]
write_vtor              0x00001355    0x6  Code  Gb  common.o [1]


[1] = C:\Users\matteo\Documents\K60\Èí¼þ\K60Test\20190312\Í¼Ïñ¶ÁÈ¡\Debug\Obj
[2] = command line
[3] = dl7M_tln.a
[4] = m7M_tl.a
[5] = rt7M_tl.a
[6] = shb_l.a

  3 804 bytes of readonly  code memory
  1 676 bytes of readonly  data memory
     27 bytes of readwrite data memory

Errors: none
Warnings: none
