###############################################################################
#
# IAR ELF Linker V8.22.1.15669/W32 for ARM                10/Apr/2019  18:04:37
# Copyright 2007-2018 IAR Systems AB.
#
#    Output file  =  
#        C:\Users\matteo\Desktop\FREESCALE\Debug\Exe\LQ_K60_FTM_PWM_SERVO_KEY_OLED.out
#    Map file     =  
#        C:\Users\matteo\Desktop\FREESCALE\Debug\List\LQ_K60_FTM_PWM_SERVO_KEY_OLED.map
#    Command line =  
#        -f C:\Users\matteo\AppData\Local\Temp\EWE3CF.tmp
#        (C:\Users\matteo\Desktop\FREESCALE\Debug\Obj\ADC.o
#        C:\Users\matteo\Desktop\FREESCALE\Debug\Obj\common.o
#        C:\Users\matteo\Desktop\FREESCALE\Debug\Obj\Control.o
#        C:\Users\matteo\Desktop\FREESCALE\Debug\Obj\crt0.o
#        C:\Users\matteo\Desktop\FREESCALE\Debug\Obj\DAC.o
#        C:\Users\matteo\Desktop\FREESCALE\Debug\Obj\DMA.o
#        C:\Users\matteo\Desktop\FREESCALE\Debug\Obj\FTM.o
#        C:\Users\matteo\Desktop\FREESCALE\Debug\Obj\GPIO.o
#        C:\Users\matteo\Desktop\FREESCALE\Debug\Obj\HCSR.o
#        C:\Users\matteo\Desktop\FREESCALE\Debug\Obj\I2C.o
#        C:\Users\matteo\Desktop\FREESCALE\Debug\Obj\Lptmr.o
#        C:\Users\matteo\Desktop\FREESCALE\Debug\Obj\LQ12864.o
#        C:\Users\matteo\Desktop\FREESCALE\Debug\Obj\LQKEY.o
#        C:\Users\matteo\Desktop\FREESCALE\Debug\Obj\LQLED.o
#        C:\Users\matteo\Desktop\FREESCALE\Debug\Obj\main.o
#        C:\Users\matteo\Desktop\FREESCALE\Debug\Obj\PIT.o
#        C:\Users\matteo\Desktop\FREESCALE\Debug\Obj\PLL.o
#        C:\Users\matteo\Desktop\FREESCALE\Debug\Obj\start.o
#        C:\Users\matteo\Desktop\FREESCALE\Debug\Obj\UART.o
#        C:\Users\matteo\Desktop\FREESCALE\Debug\Obj\vectors.o
#        C:\Users\matteo\Desktop\FREESCALE\Debug\Obj\wdog.o -o
#        C:\Users\matteo\Desktop\FREESCALE\Debug\Exe\LQ_K60_FTM_PWM_SERVO_KEY_OLED.out
#        --map
#        C:\Users\matteo\Desktop\FREESCALE\Debug\List\LQ_K60_FTM_PWM_SERVO_KEY_OLED.map
#        --config
#        C:\Users\matteo\Desktop\FREESCALE\src\Project_Setting\Linker_Files\Pflash.icf
#        --semihosting --entry __iar_program_start --vfe --text_out locale)
#
###############################################################################

*******************************************************************************
*** RUNTIME MODEL ATTRIBUTES
***

CppFlavor       = *
__SystemLibrary = DLib
__dlib_version  = 6


*******************************************************************************
*** HEAP SELECTION
***

The basic heap was selected because no calls to memory allocation
functions were found in the application outside of system library
functions, and there are calls to deallocation functions in the
application.


*******************************************************************************
*** PLACEMENT SUMMARY
***

"A0":  place at 0x00000000 { ro section .intvec };
"A1":  place at 0x00000410 { ro section .noinit };
define block CodeRelocate { section .textrw_init };
"P1":  place in [from 0x00000000 to 0x00080000] { ro, block CodeRelocate };
define block CodeRelocateRam { section .textrw };
define block CSTACK with size = 4K, alignment = 8 { };
define block HEAP with size = 512, alignment = 8 { };
"P2":  place in [from 0x1fff0410 to 0x20010000] {
          rw, block CodeRelocateRam, block CSTACK, block HEAP };
initialize manually with packing = copy, complex ranges { section .data };

No sections matched the following patterns:

  section .textrw       in block CodeRelocateRam
  section .textrw_init  in block CodeRelocate


  Section              Kind        Address    Size  Object
  -------              ----        -------    ----  ------
"A0":                                        0x410
  .intvec              const    0x00000000   0x410  vectors.o [1]
                              - 0x00000410   0x410

"A1":                                         0x3c
  .noinit              ro code  0x00000410    0x3c  crt0.o [1]
                              - 0x0000044c    0x3c

"P1", part 1 of 2:                          0x1b44
  .text                ro code  0x0000044c   0x3f4  LQ12864.o [1]
  .text                ro code  0x00000840   0x248  GPIO.o [1]
  .text                ro code  0x00000a88    0xb8  common.o [1]
  .text                ro code  0x00000b40   0x368  UART.o [1]
  .text                ro code  0x00000ea8    0x40  sprintf.o [3]
  .text                ro code  0x00000ee8   0x142  xprintftiny.o [3]
  .text                ro code  0x0000102a     0xa  xsprout.o [3]
  .text                ro code  0x00001034    0x36  strlen.o [5]
  .text                ro code  0x0000106a     0x2  vectors.o [1]
  .text                ro code  0x0000106c   0x246  DblDiv.o [4]
  .rodata              const    0x000012b4   0x228  LQ12864.o [1]
  .text                ro code  0x000014dc   0x1ac  Control.o [1]
  .text                ro code  0x00001688   0x158  HCSR.o [1]
  .text                ro code  0x000017e0   0x148  PIT.o [1]
  .text                ro code  0x00001928    0x1a  U32ToDbl.o [4]
  .text                ro code  0x00001944   0x1a2  DblMul.o [4]
  .text                ro code  0x00001ae8    0x28  DblToU32.o [4]
  .text                ro code  0x00001b10    0x80  Lptmr.o [1]
  .text                ro code  0x00001b90   0x154  PLL.o [1]
  .text                ro code  0x00001ce4    0xac  start.o [1]
  .text                ro code  0x00001d90    0x38  wdog.o [1]
  .text                ro code  0x00001dc8    0x5e  main.o [1]
  .text                ro code  0x00001e28    0x40  FTM.o [1]
  .text                ro code  0x00001e68    0x40  zero_init3.o [5]
  .data_init                    0x00001ea8    0x40  <Block>
    Initializer bytes  const    0x00001ea8    0x40  <for .data-1>
  .text                ro code  0x00001ee8    0x28  data_init.o [5]
  .iar.init_table      const    0x00001f10    0x10  - Linker created -
  .text                ro code  0x00001f20    0x1e  cmain.o [5]
  .text                ro code  0x00001f3e     0x4  low_level_init.o [3]
  .text                ro code  0x00001f42     0x4  exit.o [3]
  .text                ro code  0x00001f48     0xa  cexit.o [5]
  .text                ro code  0x00001f54    0x14  exit.o [6]
  .rodata              const    0x00001f68    0x14  UART.o [1]
  .text                ro code  0x00001f7c     0xc  cstartup_M.o [5]
  .rodata              const    0x00001f88     0x8  Control.o [1]
  .rodata              const    0x00001f90     0x0  zero_init3.o [5]
                              - 0x00001f90  0x1b44

"P1", part 2 of 2:                             0x0
  CodeRelocate                  0x00001f90     0x0  <Block>

"P2", part 1 of 3:                            0x40
  .data                         0x1fff0410    0x40  <Block>
    .data-1                     0x1fff0410    0x40  <Init block>
      .data            inited   0x1fff0410    0x14  GPIO.o [1]
      .data            inited   0x1fff0424    0x14  GPIO.o [1]
      .data            inited   0x1fff0438    0x18  UART.o [1]
                              - 0x1fff0450    0x40

"P2", part 2 of 3:                            0x68
  .bss                          0x1fff0450    0x68  <Block>
    .bss               zero     0x1fff0450    0x64  HCSR.o [1]
    .bss               zero     0x1fff04b4     0x1  Control.o [1]
    .bss               zero     0x1fff04b5     0x1  Control.o [1]
    .bss               zero     0x1fff04b6     0x1  PLL.o [1]
    .bss               zero     0x1fff04b7     0x1  PLL.o [1]
                              - 0x1fff04b8    0x68

"P2", part 3 of 3:                             0x0
  CodeRelocateRam               0x1fff04b8     0x0  <Block>


*******************************************************************************
*** INIT TABLE
***

          Address     Size
          -------     ----
Zero (__iar_zero_init3)
    1 destination range, total size 0x68:
          0x1fff0450  0x68



*******************************************************************************
*** MODULE SUMMARY
***

    Module            ro code  ro data  rw data
    ------            -------  -------  -------
C:\Users\matteo\Desktop\FREESCALE\Debug\Obj: [1]
    Control.o             428        8        2
    FTM.o                  64
    GPIO.o                584       40       40
    HCSR.o                344               100
    LQ12864.o           1 012      552
    Lptmr.o               128
    PIT.o                 328
    PLL.o                 340                 2
    UART.o                872       44       24
    common.o              184
    crt0.o                 60
    main.o                 94
    start.o               172
    vectors.o               2    1 040
    wdog.o                 56
    -------------------------------------------
    Total:              4 668    1 684      168

command line: [2]
    -------------------------------------------
    Total:

dl7M_tlf.a: [3]
    exit.o                  4
    low_level_init.o        4
    sprintf.o              64
    xprintftiny.o         322
    xsprout.o              10
    -------------------------------------------
    Total:                404

m7M_tl.a: [4]
    DblDiv.o              582
    DblMul.o              418
    DblToU32.o             40
    U32ToDbl.o             26
    -------------------------------------------
    Total:              1 066

rt7M_tl.a: [5]
    cexit.o                10
    cmain.o                30
    cstartup_M.o           12
    data_init.o            40
    strlen.o               54
    zero_init3.o           64
    -------------------------------------------
    Total:                210

shb_l.a: [6]
    exit.o                 20
    -------------------------------------------
    Total:                 20

    Gaps                   10        2
    Linker created                  16
-----------------------------------------------
    Grand Total:        6 378    1 702      168


*******************************************************************************
*** ENTRY LIST
***

Entry                      Address   Size  Type      Object
-----                      -------   ----  ----      ------
.bss$$Base              0x1fff0450          --   Gb  - Linker created -
.bss$$Limit             0x1fff04b8          --   Gb  - Linker created -
.data$$Base             0x1fff0410          --   Gb  - Linker created -
.data$$Limit            0x1fff0450          --   Gb  - Linker created -
.data_init$$Base        0x00001ea8          --   Gb  - Linker created -
.data_init$$Limit       0x00001ee8          --   Gb  - Linker created -
.iar.init_table$$Base   0x00001f10          --   Gb  - Linker created -
.iar.init_table$$Limit  0x00001f20          --   Gb  - Linker created -
?main                   0x00001f21         Code  Gb  cmain.o [5]
CodeRelocate$$Base      0x00001f90          --   Gb  - Linker created -
CodeRelocate$$Limit     0x00001f90          --   Gb  - Linker created -
CodeRelocateRam$$Base   0x1fff04b8          --   Gb  - Linker created -
CodeRelocateRam$$Limit  0x1fff04b8          --   Gb  - Linker created -
Controller              0x0000153f   0x32  Code  Gb  Control.o [1]
EXTI_Init               0x00000907   0x66  Code  Gb  GPIO.o [1]
F6x8                    0x000012b4  0x228  Data  Gb  LQ12864.o [1]
FTM0_interrupt          0x00001e29   0x10  Code  Gb  FTM.o [1]
FTM1_interrupt          0x00001e39   0x10  Code  Gb  FTM.o [1]
FTM2_interrupt          0x00001e49   0x10  Code  Gb  FTM.o [1]
GPIOX                   0x1fff0410   0x14  Data  Gb  GPIO.o [1]
GPIO_Ctrl               0x000008c9   0x22  Code  Gb  GPIO.o [1]
GPIO_Get                0x000008eb   0x1c  Code  Gb  GPIO.o [1]
GPIO_Init               0x00000841   0x88  Code  Gb  GPIO.o [1]
HCSR_Init               0x00001689   0x82  Code  Gb  HCSR.o [1]
HCSR_pull_trig          0x00001793   0x3a  Code  Gb  HCSR.o [1]
LCD_CLS                 0x000005b5   0x3c  Code  Gb  LQ12864.o [1]
LCD_DLY_ms              0x000005f1   0x16  Code  Gb  LQ12864.o [1]
LCD_Fill                0x00000575   0x40  Code  Gb  LQ12864.o [1]
LCD_Init                0x00000607  0x11c  Code  Gb  LQ12864.o [1]
LCD_P6x8Str             0x00000723   0x72  Code  Gb  LQ12864.o [1]
LCD_PrintU16            0x00000795   0xa4  Code  Gb  LQ12864.o [1]
LCD_Set_Pos             0x00000545   0x30  Code  Gb  LQ12864.o [1]
LCD_WrCmd               0x000004c9   0x7c  Code  Gb  LQ12864.o [1]
LCD_WrDat               0x0000044d   0x7c  Code  Gb  LQ12864.o [1]
LPTMR_Interrupt         0x00001b6b    0xe  Code  Gb  Lptmr.o [1]
LPTMR_delay_us          0x00001b11   0x5a  Code  Gb  Lptmr.o [1]
PIT0_Interrupt          0x00001655   0x16  Code  Gb  Control.o [1]
PIT1_Interrupt          0x00001571   0x18  Code  Gb  Control.o [1]
PIT2_Interrupt          0x00001853    0xe  Code  Gb  PIT.o [1]
PIT3_Interrupt          0x00001861    0xe  Code  Gb  PIT.o [1]
PIT_Init                0x000017e1   0x72  Code  Gb  PIT.o [1]
PLL_Init                0x00001b91  0x154  Code  Gb  PLL.o [1]
PORTA_Interrupt         0x0000096d   0x3a  Code  Gb  GPIO.o [1]
PORTB_Interrupt         0x00001589   0xcc  Code  Gb  Control.o [1]
PORTC_Interrupt         0x000009a7   0x3a  Code  Gb  GPIO.o [1]
PORTD_Interrupt         0x00000a1b   0x3a  Code  Gb  GPIO.o [1]
PORTE_Interrupt         0x000009e1   0x3a  Code  Gb  GPIO.o [1]
PORTX                   0x1fff0424   0x14  Data  Gb  GPIO.o [1]
Region$$Table$$Base     0x00001f10          --   Gb  - Linker created -
Region$$Table$$Limit    0x00001f20          --   Gb  - Linker created -
UART0_IRQHandler        0x00000d8d   0x22  Code  Gb  UART.o [1]
UART1_IRQHandler        0x00000daf   0x22  Code  Gb  UART.o [1]
UART2_IRQHandler        0x00000dd1   0x22  Code  Gb  UART.o [1]
UART3_IRQHandler        0x00000df3   0x22  Code  Gb  UART.o [1]
UART4_IRQHandler        0x00000e15   0x22  Code  Gb  UART.o [1]
UART5_IRQHandler        0x00000e37   0x22  Code  Gb  UART.o [1]
UARTN                   0x1fff0438   0x18  Data  Gb  UART.o [1]
UART_Get_Char           0x00000d39   0x1c  Code  Gb  UART.o [1]
UART_Init               0x00000b41  0x1f8  Code  Gb  UART.o [1]
UART_Put_Char           0x00000d55   0x1c  Code  Gb  UART.o [1]
UART_Put_Str            0x00000d71   0x1c  Code  Gb  UART.o [1]
_PrintfTiny             0x00000f05  0x126  Code  Gb  xprintftiny.o [3]
_SProut                 0x0000102b    0xa  Code  Gb  xsprout.o [3]
__BOOT_STACK_ADDRESS {Abs}
                        0x2000fff8         Data  Gb  command line/config [2]
__VECTOR_RAM {Abs}      0x1fff0000         Data  Gb  command line/config [2]
__VECTOR_TABLE {Abs}    0x00000000         Data  Gb  command line/config [2]
__aeabi_d2uiz           0x00001ae9         Code  Gb  DblToU32.o [4]
__aeabi_ddiv            0x0000106d         Code  Gb  DblDiv.o [4]
__aeabi_dmul            0x00001945         Code  Gb  DblMul.o [4]
__aeabi_ui2d            0x00001929         Code  Gb  U32ToDbl.o [4]
__cmain                 0x00001f21         Code  Gb  cmain.o [5]
__exit                  0x00001f55   0x14  Code  Gb  exit.o [6]
__iar_data_init3        0x00001ee9   0x28  Code  Gb  data_init.o [5]
__iar_program_start     0x00001f7d         Code  Gb  cstartup_M.o [5]
__iar_systems$$module {Abs}
                        0x00000001         Data  Gb  command line/config [2]
__iar_zero_init3        0x00001e69   0x40  Code  Gb  zero_init3.o [5]
__low_level_init        0x00001f3f    0x4  Code  Gb  low_level_init.o [3]
__startup               0x00000411         Code  Gb  crt0.o [1]
__vector_table          0x00000000  0x410  Data  Gb  vectors.o [1]
_call_main              0x00001f2d         Code  Gb  cmain.o [5]
_exit                   0x00001f49         Code  Gb  cexit.o [5]
_main                   0x00001f3b         Code  Gb  cmain.o [5]
bus_clk                 0x1fff04b7    0x1  Data  Gb  PLL.o [1]
common_startup          0x00001cf5   0x74  Code  Gb  start.o [1]
core_clk                0x1fff04b6    0x1  Data  Gb  PLL.o [1]
default_isr             0x0000106b    0x2  Code  Gb  vectors.o [1]
drive_init              0x00001dc9   0x44  Code  Gb  main.o [1]
enable_irq              0x00000a8f   0x96  Code  Gb  common.o [1]
exit                    0x00001f43    0x4  Code  Gb  exit.o [3]
get_distance            0x0000170b   0x88  Code  Gb  HCSR.o [1]
main                    0x00001e15   0x12  Code  Gb  main.o [1]
out                     0x00000ee9   0x1c  Code  Lc  xprintftiny.o [3]
pit_time_get_notClear   0x0000186f   0x1a  Code  Gb  PIT.o [1]
pit_time_start          0x00001889   0x88  Code  Gb  PIT.o [1]
screen_flash_rate       0x1fff04b5    0x1  Data  Gb  Control.o [1]
sensor                  0x1fff0450   0x64  Data  Gb  HCSR.o [1]
sensor_shift_flag       0x1fff04b4    0x1  Data  Gb  Control.o [1]
sprintf                 0x00000ea9   0x40  Code  Gb  sprintf.o [3]
start                   0x00001ce5   0x10  Code  Gb  start.o [1]
strlen                  0x00001035         Code  Gb  strlen.o [5]
view_                   0x000014dd   0x62  Code  Gb  Control.o [1]
wdog_disable            0x00001d91   0x16  Code  Gb  wdog.o [1]
wdog_unlock             0x00001da9   0x16  Code  Gb  wdog.o [1]
write_vtor              0x00000a89    0x6  Code  Gb  common.o [1]


[1] = C:\Users\matteo\Desktop\FREESCALE\Debug\Obj
[2] = command line
[3] = dl7M_tlf.a
[4] = m7M_tl.a
[5] = rt7M_tl.a
[6] = shb_l.a

  6 378 bytes of readonly  code memory
  1 702 bytes of readonly  data memory
    168 bytes of readwrite data memory

Errors: none
Warnings: none
